#
# There is insufficient memory for the Java Runtime Environment to continue.
# Native memory allocation (malloc) failed to allocate 1158416 bytes. Error detail: Chunk::new
# Possible reasons:
#   The system is out of physical RAM or swap space
#   This process is running with CompressedOops enabled, and the Java Heap may be blocking the growth of the native heap
# Possible solutions:
#   Reduce memory load on the system
#   Increase physical memory or swap space
#   Check if swap backing store is full
#   Decrease Java heap size (-Xmx/-Xms)
#   Decrease number of Java threads
#   Decrease Java thread stack sizes (-Xss)
#   Set larger code cache with -XX:ReservedCodeCacheSize=
#   JVM is running with Zero Based Compressed Oops mode in which the Java heap is
#     placed in the first 32GB address space. The Java Heap base address is the
#     maximum limit for the native heap growth. Please use -XX:HeapBaseMinAddress
#     to set the Java Heap base and to place the Java Heap above 32GB virtual address.
# This output file may be truncated or incomplete.
#
#  Out of Memory Error (arena.cpp:168), pid=6932, tid=9844
#
# JRE version: OpenJDK Runtime Environment (21.0.8) (build 21.0.8+-14196175-b1038.72)
# Java VM: OpenJDK 64-Bit Server VM (21.0.8+-14196175-b1038.72, mixed mode, tiered, compressed oops, compressed class ptrs, g1 gc, windows-amd64)
# No core dump will be written. Minidumps are not enabled by default on client versions of Windows
#

---------------  S U M M A R Y ------------

Command Line: -Dapplication.home=C:\Program Files\Android\Android Studio\jbr --add-modules=ALL-DEFAULT -Xms8m -Djdk.module.main=jdk.jlink jdk.jlink/jdk.tools.jlink.internal.Main --module-path C:\Users\Sergey\.gradle\caches\8.13\transforms\62db411c4dda99ea86482f96a4faecb0-31ad685b-b52f-4000-8dcb-38cc5ab9fdee\transformed\output\temp\jmod --add-modules java.base --output C:\Users\Sergey\.gradle\caches\8.13\transforms\62db411c4dda99ea86482f96a4faecb0-31ad685b-b52f-4000-8dcb-38cc5ab9fdee\transformed\output\jdkImage --disable-plugin system-modules

Host: AMD Ryzen 5 4600H with Radeon Graphics         , 12 cores, 15G,  Windows 10 , 64 bit Build 19041 (10.0.19041.5915)
Time: Mon Jan 12 22:05:25 2026 elapsed time: 0.969356 seconds (0d 0h 0m 0s)

---------------  T H R E A D  ---------------

Current thread (0x00000233261a3000):  JavaThread "C2 CompilerThread2" daemon [_thread_in_native, id=9844, stack(0x0000009085500000,0x0000009085600000) (1024K)]


Current CompileTask:
C2:969 1193       4       java.lang.invoke.MethodType::makeImpl (109 bytes)

Stack: [0x0000009085500000,0x0000009085600000]
Native frames: (J=compiled Java code, j=interpreted, Vv=VM code, C=native code)
V  [jvm.dll+0x6d68d9]
V  [jvm.dll+0x866693]
V  [jvm.dll+0x868c4e]
V  [jvm.dll+0x869333]
V  [jvm.dll+0x280566]
V  [jvm.dll+0xc07cd]
V  [jvm.dll+0xc0d03]
V  [jvm.dll+0x3b95e1]
V  [jvm.dll+0x1dfb24]
V  [jvm.dll+0x2493a4]
V  [jvm.dll+0x248821]
V  [jvm.dll+0x1c73a4]
V  [jvm.dll+0x257f9e]
V  [jvm.dll+0x2564e6]
V  [jvm.dll+0x3f4696]
V  [jvm.dll+0x80eac8]
V  [jvm.dll+0x6d512d]
C  [ucrtbase.dll+0x21bb2]
C  [KERNEL32.DLL+0x17374]
C  [ntdll.dll+0x4cc91]


---------------  P R O C E S S  ---------------

Threads class SMR info:
_java_thread_list=0x000002332616e440, length=13, elements={
0x00000233054b19a0, 0x000002332180d8e0, 0x000002332198bff0, 0x000002332198ca50,
0x000002332198d5f0, 0x00000233219736e0, 0x0000023321976150, 0x0000023321976bb0,
0x000002332199f4d0, 0x00000233219a2bc0, 0x0000023321c21da0, 0x00000233260d52f0,
0x00000233261a3000
}

Java Threads: ( => current thread )
  0x00000233054b19a0 JavaThread "main"                              [_thread_in_Java, id=19620, stack(0x0000009083e00000,0x0000009083f00000) (1024K)]
  0x000002332180d8e0 JavaThread "Common-Cleaner"             daemon [_thread_blocked, id=12332, stack(0x0000009084600000,0x0000009084700000) (1024K)]
  0x000002332198bff0 JavaThread "Reference Handler"          daemon [_thread_blocked, id=21680, stack(0x0000009084700000,0x0000009084800000) (1024K)]
  0x000002332198ca50 JavaThread "Finalizer"                  daemon [_thread_blocked, id=17588, stack(0x0000009084800000,0x0000009084900000) (1024K)]
  0x000002332198d5f0 JavaThread "Signal Dispatcher"          daemon [_thread_blocked, id=6048, stack(0x0000009084900000,0x0000009084a00000) (1024K)]
  0x00000233219736e0 JavaThread "Attach Listener"            daemon [_thread_blocked, id=5640, stack(0x0000009084a00000,0x0000009084b00000) (1024K)]
  0x0000023321976150 JavaThread "Service Thread"             daemon [_thread_blocked, id=2500, stack(0x0000009084b00000,0x0000009084c00000) (1024K)]
  0x0000023321976bb0 JavaThread "Monitor Deflation Thread"   daemon [_thread_blocked, id=8260, stack(0x0000009084c00000,0x0000009084d00000) (1024K)]
  0x000002332199f4d0 JavaThread "C2 CompilerThread0"         daemon [_thread_blocked, id=11240, stack(0x0000009084d00000,0x0000009084e00000) (1024K)]
  0x00000233219a2bc0 JavaThread "C1 CompilerThread0"         daemon [_thread_blocked, id=14020, stack(0x0000009084e00000,0x0000009084f00000) (1024K)]
  0x0000023321c21da0 JavaThread "Notification Thread"        daemon [_thread_blocked, id=13108, stack(0x0000009084f00000,0x0000009085000000) (1024K)]
  0x00000233260d52f0 JavaThread "C2 CompilerThread1"         daemon [_thread_blocked, id=14632, stack(0x0000009085400000,0x0000009085500000) (1024K)]
=>0x00000233261a3000 JavaThread "C2 CompilerThread2"         daemon [_thread_in_native, id=9844, stack(0x0000009085500000,0x0000009085600000) (1024K)]
Total: 13

Other Threads:
  0x0000023305492b40 VMThread "VM Thread"                           [id=15616, stack(0x0000009084500000,0x0000009084600000) (1024K)]
  0x000002332173f840 WatcherThread "VM Periodic Task Thread"        [id=19636, stack(0x0000009084400000,0x0000009084500000) (1024K)]
  0x0000023305493280 WorkerThread "GC Thread#0"                     [id=8408, stack(0x0000009083f00000,0x0000009084000000) (1024K)]
  0x0000023305492400 WorkerThread "GC Thread#1"                     [id=7392, stack(0x0000009085000000,0x0000009085100000) (1024K)]
  0x00000233054927a0 WorkerThread "GC Thread#2"                     [id=8064, stack(0x0000009085100000,0x0000009085200000) (1024K)]
  0x0000023305492ee0 WorkerThread "GC Thread#3"                     [id=6340, stack(0x0000009085200000,0x0000009085300000) (1024K)]
  0x0000023326080500 WorkerThread "GC Thread#4"                     [id=8312, stack(0x0000009085300000,0x0000009085400000) (1024K)]
  0x0000023326081720 WorkerThread "GC Thread#5"                     [id=992, stack(0x0000009085600000,0x0000009085700000) (1024K)]
  0x0000023307842500 ConcurrentGCThread "G1 Main Marker"            [id=16912, stack(0x0000009084000000,0x0000009084100000) (1024K)]
  0x0000023305491cc0 WorkerThread "G1 Conc#0"                       [id=92, stack(0x0000009084100000,0x0000009084200000) (1024K)]
  0x0000023307897fb0 ConcurrentGCThread "G1 Refine#0"               [id=5320, stack(0x0000009084200000,0x0000009084300000) (1024K)]
  0x0000023307899330 ConcurrentGCThread "G1 Service"                [id=8336, stack(0x0000009084300000,0x0000009084400000) (1024K)]
Total: 12

Threads with active compile tasks:
C2 CompilerThread2  990 1193       4       java.lang.invoke.MethodType::makeImpl (109 bytes)
Total: 1

VM state: not at safepoint (normal execution)

VM Mutex/Monitor currently owned by a thread: None

Heap address: 0x000000070a000000, size: 3936 MB, Compressed Oops mode: Zero based, Oop shift amount: 3

CDS archive(s) not mapped
Compressed class space mapped at: 0x0000000800000000-0x0000000840000000, reserved size: 1073741824
Narrow klass base: 0x0000000800000000, Narrow klass shift: 0, Narrow klass range: 0x40000000

GC Precious Log:
 CardTable entry size: 512
 Card Set container configuration: InlinePtr #cards 4 size 8 Array Of Cards #cards 16 size 48 Howl #buckets 8 coarsen threshold 3686 Howl Bitmap #cards 512 size 80 coarsen threshold 460 Card regions per heap region 1 cards per card region 4096
 CPUs: 12 total, 12 available
 Memory: 15741M
 Large Page Support: Disabled
 NUMA Support: Disabled
 Compressed Oops: Enabled (Zero based)
 Heap Region Size: 2M
 Heap Min Capacity: 8M
 Heap Initial Capacity: 8M
 Heap Max Capacity: 3936M
 Pre-touch: Disabled
 Parallel Workers: 10
 Concurrent Workers: 3
 Concurrent Refinement Workers: 10
 Periodic GC: Disabled

Heap:
 garbage-first heap   total 38912K, used 10949K [0x000000070a000000, 0x0000000800000000)
  region size 2048K, 6 young (12288K), 1 survivors (2048K)
 Metaspace       used 11281K, committed 11584K, reserved 1114112K
  class space    used 1167K, committed 1344K, reserved 1048576K

Heap Regions: E=young(eden), S=young(survivor), O=old, HS=humongous(starts), HC=humongous(continues), CS=collection set, F=free, TAMS=top-at-mark-start, PB=parsable bottom
|   0|0x000000070a000000, 0x000000070a200000, 0x000000070a200000|100%| O|  |TAMS 0x000000070a000000| PB 0x000000070a000000| Untracked 
|   1|0x000000070a200000, 0x000000070a2141f0, 0x000000070a400000|  3%| O|  |TAMS 0x000000070a200000| PB 0x000000070a200000| Untracked 
|   2|0x000000070a400000, 0x000000070a400000, 0x000000070a600000|  0%| F|  |TAMS 0x000000070a400000| PB 0x000000070a400000| Untracked 
|   3|0x000000070a600000, 0x000000070a69d598, 0x000000070a800000| 30%| S|CS|TAMS 0x000000070a600000| PB 0x000000070a600000| Complete 
|   4|0x000000070a800000, 0x000000070a800000, 0x000000070aa00000|  0%| F|  |TAMS 0x000000070a800000| PB 0x000000070a800000| Untracked 
|   5|0x000000070aa00000, 0x000000070aa00000, 0x000000070ac00000|  0%| F|  |TAMS 0x000000070aa00000| PB 0x000000070aa00000| Untracked 
|   6|0x000000070ac00000, 0x000000070ac00000, 0x000000070ae00000|  0%| F|  |TAMS 0x000000070ac00000| PB 0x000000070ac00000| Untracked 
|   7|0x000000070ae00000, 0x000000070ae00000, 0x000000070b000000|  0%| F|  |TAMS 0x000000070ae00000| PB 0x000000070ae00000| Untracked 
|   8|0x000000070b000000, 0x000000070b000000, 0x000000070b200000|  0%| F|  |TAMS 0x000000070b000000| PB 0x000000070b000000| Untracked 
|   9|0x000000070b200000, 0x000000070b200000, 0x000000070b400000|  0%| F|  |TAMS 0x000000070b200000| PB 0x000000070b200000| Untracked 
|  10|0x000000070b400000, 0x000000070b400000, 0x000000070b600000|  0%| F|  |TAMS 0x000000070b400000| PB 0x000000070b400000| Untracked 
|  11|0x000000070b600000, 0x000000070b600000, 0x000000070b800000|  0%| F|  |TAMS 0x000000070b600000| PB 0x000000070b600000| Untracked 
|  12|0x000000070b800000, 0x000000070b800000, 0x000000070ba00000|  0%| F|  |TAMS 0x000000070b800000| PB 0x000000070b800000| Untracked 
|  13|0x000000070ba00000, 0x000000070ba329d8, 0x000000070bc00000|  9%| E|  |TAMS 0x000000070ba00000| PB 0x000000070ba00000| Complete 
|  14|0x000000070bc00000, 0x000000070be00000, 0x000000070be00000|100%| E|CS|TAMS 0x000000070bc00000| PB 0x000000070bc00000| Complete 
|  15|0x000000070be00000, 0x000000070c000000, 0x000000070c000000|100%| E|CS|TAMS 0x000000070be00000| PB 0x000000070be00000| Complete 
|  16|0x000000070c000000, 0x000000070c200000, 0x000000070c200000|100%| E|CS|TAMS 0x000000070c000000| PB 0x000000070c000000| Complete 
|  17|0x000000070c200000, 0x000000070c400000, 0x000000070c400000|100%| E|  |TAMS 0x000000070c200000| PB 0x000000070c200000| Complete 
|1967|0x00000007ffe00000, 0x0000000800000000, 0x0000000800000000|100%| O|  |TAMS 0x00000007ffe00000| PB 0x00000007ffe00000| Untracked 

Card table byte_map: [0x000002331a630000,0x000002331ade0000] _byte_map_base: 0x0000023316de0000

Marking Bits: (CMBitMap*) 0x00000233078314a0
 Bits: [0x000002331ade0000, 0x000002331eb60000)

Polling page: 0x0000023306fa0000

Metaspace:

Usage:
  Non-class:      9.88 MB used.
      Class:      1.14 MB used.
       Both:     11.02 MB used.

Virtual space:
  Non-class space:       64.00 MB reserved,      10.00 MB ( 16%) committed,  1 nodes.
      Class space:        1.00 GB reserved,       1.31 MB ( <1%) committed,  1 nodes.
             Both:        1.06 GB reserved,      11.31 MB (  1%) committed. 

Chunk freelists:
   Non-Class:  5.91 MB
       Class:  14.55 MB
        Both:  20.45 MB

MaxMetaspaceSize: unlimited
CompressedClassSpaceSize: 1.00 GB
Initial GC threshold: 21.00 MB
Current GC threshold: 21.00 MB
CDS: off
 - commit_granule_bytes: 65536.
 - commit_granule_words: 8192.
 - virtual_space_node_default_size: 8388608.
 - enlarge_chunks_in_place: 1.
 - use_allocation_guard: 0.


Internal statistics:

num_allocs_failed_limit: 0.
num_arena_births: 368.
num_arena_deaths: 0.
num_vsnodes_births: 2.
num_vsnodes_deaths: 0.
num_space_committed: 181.
num_space_uncommitted: 0.
num_chunks_returned_to_freelist: 0.
num_chunks_taken_from_freelist: 484.
num_chunk_merges: 0.
num_chunk_splits: 263.
num_chunks_enlarged: 80.
num_inconsistent_stats: 0.

CodeHeap 'non-profiled nmethods': size=120000Kb used=674Kb max_used=674Kb free=119325Kb
 bounds [0x0000023312400000, 0x0000023312670000, 0x0000023319930000]
CodeHeap 'profiled nmethods': size=120000Kb used=2734Kb max_used=2734Kb free=117265Kb
 bounds [0x000002330a930000, 0x000002330abe0000, 0x0000023311e60000]
CodeHeap 'non-nmethods': size=5760Kb used=1360Kb max_used=1393Kb free=4399Kb
 bounds [0x0000023311e60000, 0x00000233120d0000, 0x0000023312400000]
CodeCache: size=245760Kb, used=4768Kb, max_used=4801Kb, free=240989Kb
 total_blobs=2203, nmethods=1722, adapters=386, full_count=0
Compilation: enabled, stopped_count=0, restarted_count=0

Compilation events (20 events):
Event: 0.961 Thread 0x00000233219a2bc0 1712       3       java.util.Arrays::hashCode (56 bytes)
Event: 0.962 Thread 0x00000233219a2bc0 nmethod 1712 0x000002330abd7910 code [0x000002330abd7ae0, 0x000002330abd7e28]
Event: 0.962 Thread 0x00000233219a2bc0 1713       3       java.lang.invoke.MemberName::hashCode (43 bytes)
Event: 0.962 Thread 0x00000233219a2bc0 nmethod 1713 0x000002330abd7f90 code [0x000002330abd81e0, 0x000002330abd8e50]
Event: 0.962 Thread 0x00000233219a2bc0 1715       3       java.lang.Character::isJavaIdentifierPart (9 bytes)
Event: 0.963 Thread 0x000002332199f4d0 1717       4       java.lang.CharacterDataLatin1::getProperties (11 bytes)
Event: 0.963 Thread 0x00000233219a2bc0 nmethod 1715 0x000002330abd9190 code [0x000002330abd9340, 0x000002330abd9538]
Event: 0.963 Thread 0x00000233219a2bc0 1716       3       java.lang.CharacterDataLatin1::isJavaIdentifierPart (20 bytes)
Event: 0.963 Thread 0x00000233219a2bc0 nmethod 1716 0x000002330abd9610 code [0x000002330abd97c0, 0x000002330abd99b8]
Event: 0.963 Thread 0x00000233219a2bc0 1718       3       java.lang.Character::isJavaIdentifierStart (9 bytes)
Event: 0.963 Thread 0x000002332199f4d0 nmethod 1717 0x00000233124a6a90 code [0x00000233124a6c20, 0x00000233124a6cd8]
Event: 0.963 Thread 0x00000233219a2bc0 nmethod 1718 0x000002330abd9b10 code [0x000002330abd9cc0, 0x000002330abd9eb8]
Event: 0.963 Thread 0x00000233219a2bc0 1720       3       jdk.internal.module.Checks::isJavaIdentifier (76 bytes)
Event: 0.964 Thread 0x00000233219a2bc0 nmethod 1720 0x000002330abd9f90 code [0x000002330abda240, 0x000002330abdade0]
Event: 0.964 Thread 0x00000233219a2bc0 1719       3       java.lang.CharacterDataLatin1::isJavaIdentifierStart (23 bytes)
Event: 0.964 Thread 0x00000233219a2bc0 nmethod 1719 0x000002330abdb210 code [0x000002330abdb3c0, 0x000002330abdb5c8]
Event: 0.967 Thread 0x00000233219a2bc0 1721       3       jdk.internal.jimage.ImageStringsReader::hashCode (33 bytes)
Event: 0.967 Thread 0x00000233219a2bc0 nmethod 1721 0x000002330abdb710 code [0x000002330abdb8c0, 0x000002330abdba30]
Event: 0.967 Thread 0x00000233219a2bc0 1722       1       java.nio.DirectByteBuffer::attachment (5 bytes)
Event: 0.967 Thread 0x00000233219a2bc0 nmethod 1722 0x00000233124a6d90 code [0x00000233124a6f20, 0x00000233124a6ff0]

GC Heap History (20 events):
Event: 0.520 GC heap before
{Heap before GC invocations=3 (full 0):
 garbage-first heap   total 8192K, used 3644K [0x000000070a000000, 0x0000000800000000)
  region size 2048K, 2 young (4096K), 1 survivors (2048K)
 Metaspace       used 9912K, committed 10112K, reserved 1114112K
  class space    used 996K, committed 1088K, reserved 1048576K
}
Event: 0.524 GC heap after
{Heap after GC invocations=4 (full 0):
 garbage-first heap   total 8192K, used 2858K [0x000000070a000000, 0x0000000800000000)
  region size 2048K, 1 young (2048K), 1 survivors (2048K)
 Metaspace       used 9912K, committed 10112K, reserved 1114112K
  class space    used 996K, committed 1088K, reserved 1048576K
}
Event: 0.581 GC heap before
{Heap before GC invocations=4 (full 0):
 garbage-first heap   total 8192K, used 4906K [0x000000070a000000, 0x0000000800000000)
  region size 2048K, 2 young (4096K), 1 survivors (2048K)
 Metaspace       used 10162K, committed 10368K, reserved 1114112K
  class space    used 1031K, committed 1152K, reserved 1048576K
}
Event: 0.585 GC heap after
{Heap after GC invocations=5 (full 0):
 garbage-first heap   total 14336K, used 3112K [0x000000070a000000, 0x0000000800000000)
  region size 2048K, 1 young (2048K), 1 survivors (2048K)
 Metaspace       used 10162K, committed 10368K, reserved 1114112K
  class space    used 1031K, committed 1152K, reserved 1048576K
}
Event: 0.621 GC heap before
{Heap before GC invocations=5 (full 0):
 garbage-first heap   total 14336K, used 5160K [0x000000070a000000, 0x0000000800000000)
  region size 2048K, 2 young (4096K), 1 survivors (2048K)
 Metaspace       used 10401K, committed 10688K, reserved 1114112K
  class space    used 1078K, committed 1216K, reserved 1048576K
}
Event: 0.622 GC heap after
{Heap after GC invocations=6 (full 0):
 garbage-first heap   total 14336K, used 3240K [0x000000070a000000, 0x0000000800000000)
  region size 2048K, 1 young (2048K), 1 survivors (2048K)
 Metaspace       used 10401K, committed 10688K, reserved 1114112K
  class space    used 1078K, committed 1216K, reserved 1048576K
}
Event: 0.674 GC heap before
{Heap before GC invocations=6 (full 0):
 garbage-first heap   total 14336K, used 5288K [0x000000070a000000, 0x0000000800000000)
  region size 2048K, 2 young (4096K), 1 survivors (2048K)
 Metaspace       used 10820K, committed 11136K, reserved 1114112K
  class space    used 1136K, committed 1280K, reserved 1048576K
}
Event: 0.676 GC heap after
{Heap after GC invocations=7 (full 0):
 garbage-first heap   total 14336K, used 3481K [0x000000070a000000, 0x0000000800000000)
  region size 2048K, 1 young (2048K), 1 survivors (2048K)
 Metaspace       used 10820K, committed 11136K, reserved 1114112K
  class space    used 1136K, committed 1280K, reserved 1048576K
}
Event: 0.740 GC heap before
{Heap before GC invocations=7 (full 0):
 garbage-first heap   total 14336K, used 7577K [0x000000070a000000, 0x0000000800000000)
  region size 2048K, 3 young (6144K), 1 survivors (2048K)
 Metaspace       used 11001K, committed 11264K, reserved 1114112K
  class space    used 1142K, committed 1280K, reserved 1048576K
}
Event: 0.743 GC heap after
{Heap after GC invocations=8 (full 0):
 garbage-first heap   total 14336K, used 4245K [0x000000070a000000, 0x0000000800000000)
  region size 2048K, 1 young (2048K), 1 survivors (2048K)
 Metaspace       used 11001K, committed 11264K, reserved 1114112K
  class space    used 1142K, committed 1280K, reserved 1048576K
}
Event: 0.753 GC heap before
{Heap before GC invocations=8 (full 0):
 garbage-first heap   total 14336K, used 6293K [0x000000070a000000, 0x0000000800000000)
  region size 2048K, 2 young (4096K), 1 survivors (2048K)
 Metaspace       used 11028K, committed 11328K, reserved 1114112K
  class space    used 1144K, committed 1280K, reserved 1048576K
}
Event: 0.756 GC heap after
{Heap after GC invocations=9 (full 0):
 garbage-first heap   total 20480K, used 4556K [0x000000070a000000, 0x0000000800000000)
  region size 2048K, 1 young (2048K), 1 survivors (2048K)
 Metaspace       used 11028K, committed 11328K, reserved 1114112K
  class space    used 1144K, committed 1280K, reserved 1048576K
}
Event: 0.822 GC heap before
{Heap before GC invocations=9 (full 0):
 garbage-first heap   total 20480K, used 8652K [0x000000070a000000, 0x0000000800000000)
  region size 2048K, 4 young (8192K), 1 survivors (2048K)
 Metaspace       used 11122K, committed 11392K, reserved 1114112K
  class space    used 1154K, committed 1280K, reserved 1048576K
}
Event: 0.824 GC heap after
{Heap after GC invocations=10 (full 0):
 garbage-first heap   total 20480K, used 4836K [0x000000070a000000, 0x0000000800000000)
  region size 2048K, 1 young (2048K), 1 survivors (2048K)
 Metaspace       used 11122K, committed 11392K, reserved 1114112K
  class space    used 1154K, committed 1280K, reserved 1048576K
}
Event: 0.863 GC heap before
{Heap before GC invocations=10 (full 0):
 garbage-first heap   total 20480K, used 13028K [0x000000070a000000, 0x0000000800000000)
  region size 2048K, 5 young (10240K), 1 survivors (2048K)
 Metaspace       used 11146K, committed 11392K, reserved 1114112K
  class space    used 1154K, committed 1280K, reserved 1048576K
}
Event: 0.864 GC heap after
{Heap after GC invocations=11 (full 0):
 garbage-first heap   total 20480K, used 4841K [0x000000070a000000, 0x0000000800000000)
  region size 2048K, 1 young (2048K), 1 survivors (2048K)
 Metaspace       used 11146K, committed 11392K, reserved 1114112K
  class space    used 1154K, committed 1280K, reserved 1048576K
}
Event: 0.889 GC heap before
{Heap before GC invocations=11 (full 0):
 garbage-first heap   total 20480K, used 13033K [0x000000070a000000, 0x0000000800000000)
  region size 2048K, 6 young (12288K), 1 survivors (2048K)
 Metaspace       used 11173K, committed 11456K, reserved 1114112K
  class space    used 1154K, committed 1280K, reserved 1048576K
}
Event: 0.890 GC heap after
{Heap after GC invocations=12 (full 0):
 garbage-first heap   total 20480K, used 4850K [0x000000070a000000, 0x0000000800000000)
  region size 2048K, 1 young (2048K), 1 survivors (2048K)
 Metaspace       used 11173K, committed 11456K, reserved 1114112K
  class space    used 1154K, committed 1280K, reserved 1048576K
}
Event: 0.917 GC heap before
{Heap before GC invocations=12 (full 0):
 garbage-first heap   total 20480K, used 13042K [0x000000070a000000, 0x0000000800000000)
  region size 2048K, 6 young (12288K), 1 survivors (2048K)
 Metaspace       used 11189K, committed 11456K, reserved 1114112K
  class space    used 1154K, committed 1280K, reserved 1048576K
}
Event: 0.918 GC heap after
{Heap after GC invocations=13 (full 0):
 garbage-first heap   total 38912K, used 4805K [0x000000070a000000, 0x0000000800000000)
  region size 2048K, 1 young (2048K), 1 survivors (2048K)
 Metaspace       used 11189K, committed 11456K, reserved 1114112K
  class space    used 1154K, committed 1280K, reserved 1048576K
}

Dll operation events (2 events):
Event: 0.006 Loaded shared library C:\Program Files\Android\Android Studio\jbr\bin\java.dll
Event: 0.009 Loaded shared library C:\Program Files\Android\Android Studio\jbr\bin\zip.dll

Deoptimization events (20 events):
Event: 0.550 Thread 0x00000233054b19a0 Uncommon trap: trap_request=0xffffffde fr.pc=0x00000233124532c4 relative=0x0000000000000124
Event: 0.550 Thread 0x00000233054b19a0 Uncommon trap: reason=class_check action=maybe_recompile pc=0x00000233124532c4 method=jdk.internal.misc.Unsafe.allocateUninitializedArray(Ljava/lang/Class;I)Ljava/lang/Object; @ 51 c2
Event: 0.550 Thread 0x00000233054b19a0 DEOPT PACKING pc=0x00000233124532c4 sp=0x0000009083efed50
Event: 0.551 Thread 0x00000233054b19a0 DEOPT UNPACKING pc=0x0000023311eb46a2 sp=0x0000009083efecc8 mode 2
Event: 0.551 Thread 0x00000233054b19a0 Uncommon trap: trap_request=0xffffffde fr.pc=0x00000233124532c4 relative=0x0000000000000124
Event: 0.551 Thread 0x00000233054b19a0 Uncommon trap: reason=class_check action=maybe_recompile pc=0x00000233124532c4 method=jdk.internal.misc.Unsafe.allocateUninitializedArray(Ljava/lang/Class;I)Ljava/lang/Object; @ 51 c2
Event: 0.551 Thread 0x00000233054b19a0 DEOPT PACKING pc=0x00000233124532c4 sp=0x0000009083efec50
Event: 0.551 Thread 0x00000233054b19a0 DEOPT UNPACKING pc=0x0000023311eb46a2 sp=0x0000009083efebc8 mode 2
Event: 0.633 Thread 0x00000233054b19a0 Uncommon trap: trap_request=0xffffff45 fr.pc=0x0000023312479088 relative=0x00000000000005e8
Event: 0.633 Thread 0x00000233054b19a0 Uncommon trap: reason=unstable_if action=reinterpret pc=0x0000023312479088 method=jdk.internal.org.objectweb.asm.Frame.execute(IILjdk/internal/org/objectweb/asm/Symbol;Ljdk/internal/org/objectweb/asm/SymbolTable;)V @ 1952 c2
Event: 0.633 Thread 0x00000233054b19a0 DEOPT PACKING pc=0x0000023312479088 sp=0x0000009083efece0
Event: 0.633 Thread 0x00000233054b19a0 DEOPT UNPACKING pc=0x0000023311eb46a2 sp=0x0000009083efec60 mode 2
Event: 0.748 Thread 0x00000233054b19a0 Uncommon trap: trap_request=0xffffff45 fr.pc=0x0000023312492248 relative=0x0000000000000408
Event: 0.748 Thread 0x00000233054b19a0 Uncommon trap: reason=unstable_if action=reinterpret pc=0x0000023312492248 method=java.util.TreeMap.getEntry(Ljava/lang/Object;)Ljava/util/TreeMap$Entry; @ 46 c2
Event: 0.748 Thread 0x00000233054b19a0 DEOPT PACKING pc=0x0000023312492248 sp=0x0000009083eff120
Event: 0.748 Thread 0x00000233054b19a0 DEOPT UNPACKING pc=0x0000023311eb46a2 sp=0x0000009083eff048 mode 2
Event: 0.748 Thread 0x00000233054b19a0 Uncommon trap: trap_request=0xffffff45 fr.pc=0x0000023312491948 relative=0x0000000000000408
Event: 0.748 Thread 0x00000233054b19a0 Uncommon trap: reason=unstable_if action=reinterpret pc=0x0000023312491948 method=java.util.TreeMap.getEntry(Ljava/lang/Object;)Ljava/util/TreeMap$Entry; @ 46 c2
Event: 0.748 Thread 0x00000233054b19a0 DEOPT PACKING pc=0x0000023312491948 sp=0x0000009083eff0b0
Event: 0.748 Thread 0x00000233054b19a0 DEOPT UNPACKING pc=0x0000023311eb46a2 sp=0x0000009083eff048 mode 2

Classes loaded (20 events):
Event: 0.671 Loading class java/util/Formatter$FormatString done
Event: 0.671 Loading class java/util/Formatter$FormatSpecifier done
Event: 0.671 Loading class java/util/Formatter$FixedString
Event: 0.671 Loading class java/util/Formatter$FixedString done
Event: 0.672 Loading class java/util/Formattable
Event: 0.672 Loading class java/util/Formattable done
Event: 0.672 Loading class java/util/Formatter$Flags
Event: 0.672 Loading class java/util/Formatter$Flags done
Event: 0.688 Loading class java/util/ComparableTimSort
Event: 0.689 Loading class java/util/ComparableTimSort done
Event: 0.692 Loading class java/util/regex/Matcher
Event: 0.692 Loading class java/util/regex/MatchResult
Event: 0.692 Loading class java/util/regex/MatchResult done
Event: 0.692 Loading class java/util/regex/Matcher done
Event: 0.692 Loading class java/util/regex/IntHashSet
Event: 0.692 Loading class java/util/regex/IntHashSet done
Event: 0.772 Loading class java/util/stream/SortedOps$RefSortingSink
Event: 0.772 Loading class java/util/stream/SortedOps$RefSortingSink done
Event: 0.801 Loading class java/lang/invoke/MethodHandle$1
Event: 0.801 Loading class java/lang/invoke/MethodHandle$1 done

Classes unloaded (0 events):
No events

Classes redefined (0 events):
No events

Internal exceptions (20 events):
Event: 0.391 Thread 0x00000233054b19a0 Exception <a 'sun/nio/fs/WindowsException'{0x000000070a700bb0}> (0x000000070a700bb0) 
thrown [s\src\hotspot\share\prims\jni.cpp, line 537]
Event: 0.391 Thread 0x00000233054b19a0 Exception <a 'sun/nio/fs/WindowsException'{0x000000070a701160}> (0x000000070a701160) 
thrown [s\src\hotspot\share\prims\jni.cpp, line 537]
Event: 0.394 Thread 0x00000233054b19a0 Exception <a 'java/lang/NoSuchMethodError'{0x000000070a71df78}: 'void java.lang.invoke.DirectMethodHandle$Holder.invokeSpecial(java.lang.Object, java.lang.Object, java.lang.Object)'> (0x000000070a71df78) 
thrown [s\src\hotspot\share\interpreter\linkResolver.cpp, line 784]
Event: 0.444 Thread 0x00000233054b19a0 Exception <a 'java/lang/NoSuchMethodError'{0x000000070a746ca8}: 'java.lang.Object java.lang.invoke.Invokers$Holder.invokeExact_MT(java.lang.Object, java.lang.Object, java.lang.Object, java.lang.Object, java.lang.Object, java.lang.Object)'> (0x000000070a746ca8) 
thrown [s\src\hotspot\share\interpreter\linkResolver.cpp, line 784]
Event: 0.556 Thread 0x00000233054b19a0 Exception <a 'java/lang/NoSuchMethodError'{0x000000070a732390}: 'int java.lang.invoke.DirectMethodHandle$Holder.invokeSpecial(java.lang.Object, java.lang.Object, java.lang.Object, java.lang.Object)'> (0x000000070a732390) 
thrown [s\src\hotspot\share\interpreter\linkResolver.cpp, line 784]
Event: 0.559 Thread 0x00000233054b19a0 Exception <a 'java/lang/NoSuchMethodError'{0x000000070a74fb28}: 'java.lang.Object java.lang.invoke.DirectMethodHandle$Holder.invokeSpecial(java.lang.Object, java.lang.Object, java.lang.Object, java.lang.Object, double)'> (0x000000070a74fb28) 
thrown [s\src\hotspot\share\interpreter\linkResolver.cpp, line 784]
Event: 0.561 Thread 0x00000233054b19a0 Exception <a 'java/lang/NoSuchMethodError'{0x000000070a756b28}: 'java.lang.Object java.lang.invoke.DirectMethodHandle$Holder.invokeSpecial(java.lang.Object, java.lang.Object, java.lang.Object, java.lang.Object, float)'> (0x000000070a756b28) 
thrown [s\src\hotspot\share\interpreter\linkResolver.cpp, line 784]
Event: 0.564 Thread 0x00000233054b19a0 Exception <a 'java/lang/NoSuchMethodError'{0x000000070a76ba30}: 'java.lang.Object java.lang.invoke.DirectMethodHandle$Holder.invokeSpecial(java.lang.Object, java.lang.Object, java.lang.Object, java.lang.Object, int)'> (0x000000070a76ba30) 
thrown [s\src\hotspot\share\interpreter\linkResolver.cpp, line 784]
Event: 0.565 Thread 0x00000233054b19a0 Exception <a 'java/lang/NoSuchMethodError'{0x000000070a778f70}: 'java.lang.Object java.lang.invoke.DirectMethodHandle$Holder.invokeSpecial(java.lang.Object, java.lang.Object, java.lang.Object, java.lang.Object, long)'> (0x000000070a778f70) 
thrown [s\src\hotspot\share\interpreter\linkResolver.cpp, line 784]
Event: 0.571 Thread 0x00000233054b19a0 Exception <a 'java/lang/NoSuchMethodError'{0x000000070a7a60c0}: 'java.lang.Object java.lang.invoke.DirectMethodHandle$Holder.invokeSpecial(java.lang.Object, java.lang.Object, java.lang.Object, double, java.lang.Object)'> (0x000000070a7a60c0) 
thrown [s\src\hotspot\share\interpreter\linkResolver.cpp, line 784]
Event: 0.576 Thread 0x00000233054b19a0 Exception <a 'java/lang/NoSuchMethodError'{0x000000070a7d2cf0}: 'java.lang.Object java.lang.invoke.DirectMethodHandle$Holder.invokeSpecial(java.lang.Object, java.lang.Object, java.lang.Object, int, java.lang.Object)'> (0x000000070a7d2cf0) 
thrown [s\src\hotspot\share\interpreter\linkResolver.cpp, line 784]
Event: 0.596 Thread 0x00000233054b19a0 Exception <a 'java/lang/NoSuchMethodError'{0x000000070aa73a50}: 'java.lang.Object java.lang.invoke.DirectMethodHandle$Holder.invokeSpecial(java.lang.Object, java.lang.Object, java.lang.Object, java.lang.Object, java.lang.Object, long)'> (0x000000070aa73a50) 
thrown [s\src\hotspot\share\interpreter\linkResolver.cpp, line 784]
Event: 0.597 Thread 0x00000233054b19a0 Exception <a 'java/lang/NoSuchMethodError'{0x000000070aa7a720}: 'int java.lang.invoke.DirectMethodHandle$Holder.invokeSpecial(java.lang.Object, java.lang.Object, java.lang.Object, java.lang.Object, java.lang.Object)'> (0x000000070aa7a720) 
thrown [s\src\hotspot\share\interpreter\linkResolver.cpp, line 784]
Event: 0.597 Thread 0x00000233054b19a0 Exception <a 'java/lang/NoSuchMethodError'{0x000000070aa81518}: 'java.lang.Object java.lang.invoke.DirectMethodHandle$Holder.invokeSpecial(java.lang.Object, java.lang.Object, java.lang.Object, java.lang.Object, java.lang.Object, java.lang.Object, long)'> (0x000000070aa81518) 
thrown [s\src\hotspot\share\interpreter\linkResolver.cpp, line 784]
Event: 0.598 Thread 0x00000233054b19a0 Exception <a 'java/lang/NoSuchMethodError'{0x000000070aa8c3d8}: 'java.lang.Object java.lang.invoke.DirectMethodHandle$Holder.invokeSpecial(java.lang.Object, java.lang.Object, java.lang.Object, java.lang.Object, java.lang.Object, java.lang.Object, java.lang.Object, long)'> (0x000000070aa8c3d8) 
thrown [s\src\hotspot\share\interpreter\linkResolver.cpp, line 784]
Event: 0.604 Thread 0x00000233054b19a0 Exception <a 'java/lang/NoSuchMethodError'{0x000000070aac5540}: 'int java.lang.invoke.DirectMethodHandle$Holder.invokeSpecial(java.lang.Object, java.lang.Object, int)'> (0x000000070aac5540) 
thrown [s\src\hotspot\share\interpreter\linkResolver.cpp, line 784]
Event: 0.610 Thread 0x00000233054b19a0 Exception <a 'java/lang/NoSuchMethodError'{0x000000070ab00218}: 'int java.lang.invoke.DirectMethodHandle$Holder.invokeSpecial(java.lang.Object, java.lang.Object, java.lang.Object, int)'> (0x000000070ab00218) 
thrown [s\src\hotspot\share\interpreter\linkResolver.cpp, line 784]
Event: 0.654 Thread 0x00000233054b19a0 Exception <a 'java/lang/IncompatibleClassChangeError'{0x000000070ab6e860}: Found class java.lang.Object, but interface was expected> (0x000000070ab6e860) 
thrown [s\src\hotspot\share\interpreter\linkResolver.cpp, line 851]
Event: 0.673 Thread 0x00000233054b19a0 Exception <a 'java/lang/NoSuchMethodError'{0x000000070abf2660}: 'void java.lang.invoke.DirectMethodHandle$Holder.invokeStatic(java.lang.Object, java.lang.Object, java.lang.Object, java.lang.Object, java.lang.Object, java.lang.Object, java.lang.Object)'> (0x000000070abf2660) 
thrown [s\src\hotspot\share\interpreter\linkResolver.cpp, line 784]
Event: 0.673 Thread 0x00000233054b19a0 Exception <a 'java/lang/NoSuchMethodError'{0x000000070abf9a30}: 'java.lang.Object java.lang.invoke.DirectMethodHandle$Holder.newInvokeSpecial(java.lang.Object, java.lang.Object, java.lang.Object, java.lang.Object, java.lang.Object, java.lang.Object)'> (0x000000070abf9a30) 
thrown [s\src\hotspot\share\interpreter\linkResolver.cpp, line 784]

ZGC Phase Switch (0 events):
No events

VM Operations (20 events):
Event: 0.621 Executing VM operation: G1CollectForAllocation (G1 Evacuation Pause)
Event: 0.622 Executing VM operation: G1CollectForAllocation (G1 Evacuation Pause) done
Event: 0.674 Executing VM operation: G1CollectForAllocation (G1 Evacuation Pause)
Event: 0.676 Executing VM operation: G1CollectForAllocation (G1 Evacuation Pause) done
Event: 0.740 Executing VM operation: G1CollectForAllocation (G1 Evacuation Pause)
Event: 0.743 Executing VM operation: G1CollectForAllocation (G1 Evacuation Pause) done
Event: 0.753 Executing VM operation: G1CollectForAllocation (G1 Evacuation Pause)
Event: 0.756 Executing VM operation: G1CollectForAllocation (G1 Evacuation Pause) done
Event: 0.822 Executing VM operation: G1CollectForAllocation (G1 Evacuation Pause)
Event: 0.824 Executing VM operation: G1CollectForAllocation (G1 Evacuation Pause) done
Event: 0.863 Executing VM operation: G1CollectForAllocation (G1 Evacuation Pause)
Event: 0.864 Executing VM operation: G1CollectForAllocation (G1 Evacuation Pause) done
Event: 0.889 Executing VM operation: G1CollectForAllocation (G1 Evacuation Pause)
Event: 0.890 Executing VM operation: G1CollectForAllocation (G1 Evacuation Pause) done
Event: 0.917 Executing VM operation: G1CollectForAllocation (G1 Evacuation Pause)
Event: 0.918 Executing VM operation: G1CollectForAllocation (G1 Evacuation Pause) done
Event: 0.943 Executing VM operation: HandshakeAllThreads (Deoptimize)
Event: 0.943 Executing VM operation: HandshakeAllThreads (Deoptimize) done
Event: 0.966 Executing VM operation: HandshakeAllThreads (Deoptimize)
Event: 0.966 Executing VM operation: HandshakeAllThreads (Deoptimize) done

Memory protections (0 events):
No events

Nmethod flushes (0 events):
No events

Events (17 events):
Event: 0.008 Thread 0x00000233054b19a0 Thread added: 0x00000233054b19a0
Event: 0.047 Thread 0x00000233054b19a0 Thread added: 0x000002332180d8e0
Event: 0.051 Thread 0x00000233054b19a0 Thread added: 0x000002332198bff0
Event: 0.051 Thread 0x00000233054b19a0 Thread added: 0x000002332198ca50
Event: 0.052 Thread 0x00000233054b19a0 Thread added: 0x000002332198d5f0
Event: 0.052 Thread 0x00000233054b19a0 Thread added: 0x00000233219736e0
Event: 0.052 Thread 0x00000233054b19a0 Thread added: 0x0000023321976150
Event: 0.052 Thread 0x00000233054b19a0 Thread added: 0x0000023321976bb0
Event: 0.052 Thread 0x00000233054b19a0 Thread added: 0x000002332199f4d0
Event: 0.053 Thread 0x00000233054b19a0 Thread added: 0x00000233219a2bc0
Event: 0.115 Thread 0x00000233054b19a0 Thread added: 0x0000023321c21da0
Event: 0.144 Loaded shared library C:\Program Files\Android\Android Studio\jbr\bin\jimage.dll
Event: 0.155 Loaded shared library C:\Program Files\Android\Android Studio\jbr\bin\zip.dll
Event: 0.295 Loaded shared library C:\Program Files\Android\Android Studio\jbr\bin\net.dll
Event: 0.297 Loaded shared library C:\Program Files\Android\Android Studio\jbr\bin\nio.dll
Event: 0.456 Thread 0x00000233219a2bc0 Thread added: 0x00000233260d52f0
Event: 0.464 Thread 0x00000233219a2bc0 Thread added: 0x00000233261a3000


Dynamic libraries:
0x00007ff707f50000 - 0x00007ff707f58000 	C:\Program Files\Android\Android Studio\jbr\bin\jlink.exe
0x00007ff8739d0000 - 0x00007ff873bc8000 	C:\Windows\SYSTEM32\ntdll.dll
0x00007ff873600000 - 0x00007ff8736c2000 	C:\Windows\System32\KERNEL32.DLL
0x00007ff871100000 - 0x00007ff8713f6000 	C:\Windows\System32\KERNELBASE.dll
0x00007ff871760000 - 0x00007ff871860000 	C:\Windows\System32\ucrtbase.dll
0x00007ff86bf20000 - 0x00007ff86bf3b000 	C:\Program Files\Android\Android Studio\jbr\bin\VCRUNTIME140.dll
0x00007ff86bf40000 - 0x00007ff86bf58000 	C:\Program Files\Android\Android Studio\jbr\bin\jli.dll
0x00007ff872090000 - 0x00007ff872231000 	C:\Windows\System32\USER32.dll
0x00007ff860540000 - 0x00007ff8607db000 	C:\Windows\WinSxS\amd64_microsoft.windows.common-controls_6595b64144ccf1df_6.0.19041.6456_none_60b8a6cb71f64256\COMCTL32.dll
0x00007ff871500000 - 0x00007ff871522000 	C:\Windows\System32\win32u.dll
0x00007ff871ed0000 - 0x00007ff871f6e000 	C:\Windows\System32\msvcrt.dll
0x00007ff8726b0000 - 0x00007ff8726db000 	C:\Windows\System32\GDI32.dll
0x00007ff871530000 - 0x00007ff871649000 	C:\Windows\System32\gdi32full.dll
0x00007ff871060000 - 0x00007ff8710fd000 	C:\Windows\System32\msvcp_win.dll
0x00007ff873070000 - 0x00007ff87309f000 	C:\Windows\System32\IMM32.DLL
0x00007ff86c300000 - 0x00007ff86c30c000 	C:\Program Files\Android\Android Studio\jbr\bin\vcruntime140_1.dll
0x00007ff8357c0000 - 0x00007ff83584d000 	C:\Program Files\Android\Android Studio\jbr\bin\msvcp140.dll
0x00007ff80c010000 - 0x00007ff80cca6000 	C:\Program Files\Android\Android Studio\jbr\bin\server\jvm.dll
0x00007ff8719c0000 - 0x00007ff871a71000 	C:\Windows\System32\ADVAPI32.dll
0x00007ff872fd0000 - 0x00007ff87306f000 	C:\Windows\System32\sechost.dll
0x00007ff873120000 - 0x00007ff873240000 	C:\Windows\System32\RPCRT4.dll
0x00007ff871030000 - 0x00007ff871057000 	C:\Windows\System32\bcrypt.dll
0x00007ff872e50000 - 0x00007ff872ebb000 	C:\Windows\System32\WS2_32.dll
0x00007ff870de0000 - 0x00007ff870e2b000 	C:\Windows\SYSTEM32\POWRPROF.dll
0x00007ff865ae0000 - 0x00007ff865aea000 	C:\Windows\SYSTEM32\VERSION.dll
0x00007ff86f790000 - 0x00007ff86f7b7000 	C:\Windows\SYSTEM32\WINMM.dll
0x00007ff870dc0000 - 0x00007ff870dd2000 	C:\Windows\SYSTEM32\UMPDC.dll
0x00007ff86f810000 - 0x00007ff86f822000 	C:\Windows\SYSTEM32\kernel.appcore.dll
0x00007ff86bf00000 - 0x00007ff86bf0a000 	C:\Program Files\Android\Android Studio\jbr\bin\jimage.dll
0x00007ff86eb50000 - 0x00007ff86ed51000 	C:\Windows\SYSTEM32\DBGHELP.DLL
0x00007ff8608f0000 - 0x00007ff860924000 	C:\Windows\SYSTEM32\dbgcore.DLL
0x00007ff8716d0000 - 0x00007ff871752000 	C:\Windows\System32\bcryptPrimitives.dll
0x00007ff869d20000 - 0x00007ff869d40000 	C:\Program Files\Android\Android Studio\jbr\bin\java.dll
0x00007ff84bd20000 - 0x00007ff84bd38000 	C:\Program Files\Android\Android Studio\jbr\bin\zip.dll
0x00007ff8726e0000 - 0x00007ff872e50000 	C:\Windows\System32\SHELL32.dll
0x00007ff86ed60000 - 0x00007ff86f505000 	C:\Windows\SYSTEM32\windows.storage.dll
0x00007ff873240000 - 0x00007ff873594000 	C:\Windows\System32\combase.dll
0x00007ff8709f0000 - 0x00007ff870a1b000 	C:\Windows\SYSTEM32\Wldp.dll
0x00007ff8736d0000 - 0x00007ff87379d000 	C:\Windows\System32\OLEAUT32.dll
0x00007ff8737a0000 - 0x00007ff87384d000 	C:\Windows\System32\SHCORE.dll
0x00007ff8735a0000 - 0x00007ff8735fb000 	C:\Windows\System32\shlwapi.dll
0x00007ff870f60000 - 0x00007ff870f84000 	C:\Windows\SYSTEM32\profapi.dll
0x00007ff86bef0000 - 0x00007ff86bf00000 	C:\Program Files\Android\Android Studio\jbr\bin\net.dll
0x00007ff8698f0000 - 0x00007ff8699fa000 	C:\Windows\SYSTEM32\WINHTTP.dll
0x00007ff8706e0000 - 0x00007ff87074a000 	C:\Windows\system32\mswsock.dll
0x00007ff84bd00000 - 0x00007ff84bd16000 	C:\Program Files\Android\Android Studio\jbr\bin\nio.dll

JVMTI agents: none

dbghelp: loaded successfully - version: 4.0.5 - missing functions: none
symbol engine: initialized successfully - sym options: 0x614 - pdb path: .;C:\Program Files\Android\Android Studio\jbr\bin;C:\Windows\SYSTEM32;C:\Windows\WinSxS\amd64_microsoft.windows.common-controls_6595b64144ccf1df_6.0.19041.6456_none_60b8a6cb71f64256;C:\Program Files\Android\Android Studio\jbr\bin\server

VM Arguments:
jvm_args: -Dapplication.home=C:\Program Files\Android\Android Studio\jbr --add-modules=ALL-DEFAULT -Xms8m -Djdk.module.main=jdk.jlink 
java_command: jdk.jlink/jdk.tools.jlink.internal.Main --module-path C:\Users\Sergey\.gradle\caches\8.13\transforms\62db411c4dda99ea86482f96a4faecb0-31ad685b-b52f-4000-8dcb-38cc5ab9fdee\transformed\output\temp\jmod --add-modules java.base --output C:\Users\Sergey\.gradle\caches\8.13\transforms\62db411c4dda99ea86482f96a4faecb0-31ad685b-b52f-4000-8dcb-38cc5ab9fdee\transformed\output\jdkImage --disable-plugin system-modules
java_class_path (initial): <not set>
Launcher Type: SUN_STANDARD

[Global flags]
     intx CICompilerCount                          = 4                                         {product} {ergonomic}
     uint ConcGCThreads                            = 3                                         {product} {ergonomic}
     uint G1ConcRefinementThreads                  = 10                                        {product} {ergonomic}
   size_t G1HeapRegionSize                         = 2097152                                   {product} {ergonomic}
    uintx GCDrainStackTargetSize                   = 64                                        {product} {ergonomic}
   size_t InitialHeapSize                          = 8388608                                   {product} {command line}
   size_t MarkStackSize                            = 4194304                                   {product} {ergonomic}
   size_t MaxHeapSize                              = 4127195136                                {product} {ergonomic}
   size_t MaxNewSize                               = 2474639360                                {product} {ergonomic}
   size_t MinHeapDeltaBytes                        = 2097152                                   {product} {ergonomic}
   size_t MinHeapSize                              = 8388608                                   {product} {command line}
    uintx NonNMethodCodeHeapSize                   = 5839372                                {pd product} {ergonomic}
    uintx NonProfiledCodeHeapSize                  = 122909434                              {pd product} {ergonomic}
    uintx ProfiledCodeHeapSize                     = 122909434                              {pd product} {ergonomic}
    uintx ReservedCodeCacheSize                    = 251658240                              {pd product} {ergonomic}
     bool SegmentedCodeCache                       = true                                      {product} {ergonomic}
   size_t SoftMaxHeapSize                          = 4127195136                             {manageable} {ergonomic}
     bool UseCompressedOops                        = true                           {product lp64_product} {ergonomic}
     bool UseG1GC                                  = true                                      {product} {ergonomic}
     bool UseLargePagesIndividualAllocation        = false                                  {pd product} {ergonomic}

Logging:
Log output configuration:
 #0: stdout all=warning uptime,level,tags foldmultilines=false
 #1: stderr all=off uptime,level,tags foldmultilines=false

Environment Variables:
PATH=C:\Program Files\Common Files\Oracle\Java\javapath;C:\Windows\system32;C:\Windows;C:\Windows\System32\Wbem;C:\Windows\System32\WindowsPowerShell\v1.0\;C:\Windows\System32\OpenSSH\;C:\Program Files (x86)\dotnet\;C:\GSS\MinGW\bin;C:\Program Files\Microsoft SQL Server\150\Tools\Binn\;C:\Program Files (x86)\Gpg4win\..\GnuPG\bin;C:\Program Files\Docker\Docker\resources\bin;C:\Program Files\Netbird;C:\Program Files\Git\cmd;C:\Program Files\MySQL\MySQL Shell 8.0\bin\;C:\Users\Sergey\AppData\Local\Microsoft\WindowsApps;C:\Program Files\JetBrains\PyCharm Community Edition 2022.1.1\bin;C:\Program Files\Python310\Scripts;C:\Users\Sergey\.dotnet\tools;C:\Program Files\JetBrains\CLion 2022.2.1\bin;C:\Users\Sergey\AppData\Local\Programs\Microsoft VS Code\bin;C:\Program Files\JetBrains\IntelliJ IDEA Educational Edition 2022.2.2\bin;;C:\Windows\System32;C:\Program Files\JetBrains\PyCharm 2025.2.1.1\bin
USERNAME=Sergey
OS=Windows_NT
PROCESSOR_IDENTIFIER=AMD64 Family 23 Model 96 Stepping 1, AuthenticAMD
TMP=C:\Users\Sergey\AppData\Local\Temp
TEMP=C:\Users\Sergey\AppData\Local\Temp




Periodic native trim disabled

JNI global refs:
JNI global refs: 10, weak refs: 1

JNI global refs memory usage: 835, weak refs: 833

Process memory usage:
Resident Set Size: 94816K (0% of 16119108K total physical memory with 1938856K free physical memory)

OOME stack traces (most recent first):
Classloader memory used:
Loader bootstrap                                                                       : 10398K
Loader jdk.internal.loader.ClassLoaders$AppClassLoader                                 : 843K
Loader jdk.internal.loader.ClassLoaders$PlatformClassLoader                            : 71632B

---------------  S Y S T E M  ---------------

OS:
 Windows 10 , 64 bit Build 19041 (10.0.19041.5915)
OS uptime: 11 days 6:24 hours
Hyper-V role detected

CPU: total 12 (initial active 12) (12 cores per cpu, 2 threads per core) family 23 model 96 stepping 1 microcode 0x0, cx8, cmov, fxsr, ht, mmx, 3dnowpref, sse, sse2, sse3, ssse3, sse4a, sse4.1, sse4.2, popcnt, lzcnt, tsc, tscinvbit, avx, avx2, aes, clmul, bmi1, bmi2, adx, sha, fma, vzeroupper, clflush, clflushopt, hv, rdtscp, rdpid, f16c
Processor Information for the first 12 processors :
  Max Mhz: 3000, Current Mhz: 3000, Mhz Limit: 3000

Memory: 4k page, system-wide physical 15741M (1893M free)
TotalPageFile size 15741M (AvailPageFile size 8M)
current process WorkingSet (physical memory assigned to process): 92M, peak: 93M
current process commit charge ("private bytes"): 143M, peak: 147M

vm_info: OpenJDK 64-Bit Server VM (21.0.8+-14196175-b1038.72) for windows-amd64 JRE (21.0.8+-14196175-b1038.72), built on 2025-10-01T10:24:33Z by "builder" with MS VC++ 16.10 / 16.11 (VS2019)

END.
